// Jest Snapshot v1, https://goo.gl/fbAQLP

exports[`matches snapshot 1`] = `
<div
  className="MuiTableContainer-root"
>
  <table
    className="MuiTable-root MuiTable-stickyHeader"
    role={null}
  >
    <thead
      className="MuiTableHead-root"
      role={null}
    >
      <tr
        className="MuiTableRow-root MuiTableRow-head"
        role={null}
      >
        <th
          aria-sort={null}
          className="MuiTableCell-root MuiTableCell-head MuiTableCell-sizeSmall MuiTableCell-stickyHeader"
          scope="col"
        >
          Forename
        </th>
        <th
          aria-sort={null}
          className="MuiTableCell-root MuiTableCell-head MuiTableCell-sizeSmall MuiTableCell-stickyHeader"
          scope="col"
        >
          Surname
        </th>
        <th
          aria-describedby={null}
          aria-sort={null}
          className="MuiTableCell-root MuiTableCell-head MuiTableCell-sizeSmall MuiTableCell-stickyHeader"
          onBlur={[Function]}
          onFocus={[Function]}
          onMouseLeave={[Function]}
          onMouseOver={[Function]}
          onTouchEnd={[Function]}
          onTouchStart={[Function]}
          scope="col"
          title="Year of Birth is estimated with age and year"
        >
          Birthyear
        </th>
        <th
          aria-sort={null}
          className="MuiTableCell-root MuiTableCell-head MuiTableCell-sizeSmall MuiTableCell-stickyHeader"
          scope="col"
        >
          Sex
        </th>
        <th
          aria-sort={null}
          className="MuiTableCell-root MuiTableCell-head MuiTableCell-sizeSmall MuiTableCell-stickyHeader"
          scope="col"
        >
          Birthplace
        </th>
        <th
          aria-sort={null}
          className="MuiTableCell-root MuiTableCell-head MuiTableCell-sizeSmall MuiTableCell-stickyHeader"
          scope="col"
        >
          Occupation
        </th>
        <th
          aria-sort={null}
          className="MuiTableCell-root MuiTableCell-head MuiTableCell-sizeSmall MuiTableCell-stickyHeader"
          scope="col"
        >
          Religion
        </th>
        <th
          aria-sort={null}
          className="MuiTableCell-root MuiTableCell-head MuiTableCell-sizeSmall MuiTableCell-stickyHeader"
          scope="col"
        >
          Relation to Head
        </th>
        <th
          aria-sort={null}
          className="MuiTableCell-root MuiTableCell-head MuiTableCell-sizeSmall MuiTableCell-stickyHeader"
          scope="col"
        >
          Household
        </th>
        <th
          aria-sort={null}
          className="MuiTableCell-root MuiTableCell-head MuiTableCell-sizeSmall MuiTableCell-stickyHeader"
          scope="col"
        />
      </tr>
    </thead>
    <tbody
      className="MuiTableBody-root"
      role={null}
    >
      <tr
        className="MuiTableRow-root"
        role={null}
      >
        <th
          aria-sort={null}
          className="MuiTableCell-root MuiTableCell-body MuiTableCell-sizeSmall"
          role="cell"
          scope="row"
        >
          James
        </th>
        <td
          aria-sort={null}
          className="MuiTableCell-root MuiTableCell-body MuiTableCell-sizeSmall"
        >
          Sheridan
        </td>
        <td
          aria-sort={null}
          className="MuiTableCell-root MuiTableCell-body MuiTableCell-sizeSmall"
        >
          1881
        </td>
        <td
          aria-sort={null}
          className="MuiTableCell-root MuiTableCell-body MuiTableCell-sizeSmall"
        >
          M
        </td>
        <td
          aria-sort={null}
          className="MuiTableCell-root MuiTableCell-body MuiTableCell-sizeSmall"
        >
          Co Kildare
        </td>
        <td
          aria-sort={null}
          className="MuiTableCell-root MuiTableCell-body MuiTableCell-sizeSmall"
        >
          Postman
        </td>
        <td
          aria-sort={null}
          className="MuiTableCell-root MuiTableCell-body MuiTableCell-sizeSmall"
        >
          Roman Catholic
        </td>
        <td
          aria-sort={null}
          className="MuiTableCell-root MuiTableCell-body MuiTableCell-sizeSmall"
        >
          Nephew
        </td>
        <td
          aria-describedby={null}
          aria-sort={null}
          className="MuiTableCell-root MuiTableCell-body MuiTableCell-sizeSmall"
          onBlur={[Function]}
          onFocus={[Function]}
          onMouseLeave={[Function]}
          onMouseOver={[Function]}
          onTouchEnd={[Function]}
          onTouchStart={[Function]}
          title="View the original household return form"
        >
          <button
            className="MuiButtonBase-root MuiButton-root makeStyles-root-8 MuiButton-contained MuiButton-containedPrimary MuiButton-containedSizeLarge MuiButton-sizeLarge"
            disabled={false}
            onBlur={[Function]}
            onClick={[Function]}
            onDragLeave={[Function]}
            onFocus={[Function]}
            onKeyDown={[Function]}
            onKeyUp={[Function]}
            onMouseDown={[Function]}
            onMouseLeave={[Function]}
            onMouseUp={[Function]}
            onTouchEnd={[Function]}
            onTouchMove={[Function]}
            onTouchStart={[Function]}
            tabIndex={0}
            type="button"
          >
            <span
              className="MuiButton-label makeStyles-label-9"
            >
              Household
            </span>
            <span
              className="MuiTouchRipple-root"
            />
          </button>
        </td>
        <td
          aria-sort={null}
          className="MuiTableCell-root MuiTableCell-body MuiTableCell-sizeSmall"
        >
          <button
            aria-label="expand row"
            className="MuiButtonBase-root MuiIconButton-root MuiIconButton-sizeSmall"
            data-testid="dropdown"
            disabled={false}
            onBlur={[Function]}
            onClick={[Function]}
            onDragLeave={[Function]}
            onFocus={[Function]}
            onKeyDown={[Function]}
            onKeyUp={[Function]}
            onMouseDown={[Function]}
            onMouseLeave={[Function]}
            onMouseUp={[Function]}
            onTouchEnd={[Function]}
            onTouchMove={[Function]}
            onTouchStart={[Function]}
            tabIndex={0}
            type="button"
          >
            <span
              className="MuiIconButton-label"
            >
              <svg
                aria-hidden={true}
                className="MuiSvgIcon-root"
                focusable="false"
                viewBox="0 0 24 24"
              >
                <path
                  d="M7.41 8.59L12 13.17l4.59-4.58L18 10l-6 6-6-6 1.41-1.41z"
                />
              </svg>
            </span>
            <span
              className="MuiTouchRipple-root"
            />
          </button>
        </td>
      </tr>
      <tr
        className="MuiTableRow-root"
        role={null}
      >
        <td
          aria-sort={null}
          className="MuiTableCell-root MuiTableCell-body MuiTableCell-sizeSmall"
          colSpan={9}
          style={
            Object {
              "paddingBottom": 0,
              "paddingTop": 0,
            }
          }
        />
      </tr>
      <tr
        className="MuiTableRow-root"
        role={null}
      >
        <th
          aria-sort={null}
          className="MuiTableCell-root MuiTableCell-body MuiTableCell-sizeSmall"
          role="cell"
          scope="row"
        >
          James
        </th>
        <td
          aria-sort={null}
          className="MuiTableCell-root MuiTableCell-body MuiTableCell-sizeSmall"
        >
          Sheridan
        </td>
        <td
          aria-sort={null}
          className="MuiTableCell-root MuiTableCell-body MuiTableCell-sizeSmall"
        >
          1885
        </td>
        <td
          aria-sort={null}
          className="MuiTableCell-root MuiTableCell-body MuiTableCell-sizeSmall"
        >
          M
        </td>
        <td
          aria-sort={null}
          className="MuiTableCell-root MuiTableCell-body MuiTableCell-sizeSmall"
        >
          Co Kildare
        </td>
        <td
          aria-sort={null}
          className="MuiTableCell-root MuiTableCell-body MuiTableCell-sizeSmall"
        >
          Groom
        </td>
        <td
          aria-sort={null}
          className="MuiTableCell-root MuiTableCell-body MuiTableCell-sizeSmall"
        >
          Roman Catholic
        </td>
        <td
          aria-sort={null}
          className="MuiTableCell-root MuiTableCell-body MuiTableCell-sizeSmall"
        >
          Son
        </td>
        <td
          aria-describedby={null}
          aria-sort={null}
          className="MuiTableCell-root MuiTableCell-body MuiTableCell-sizeSmall"
          onBlur={[Function]}
          onFocus={[Function]}
          onMouseLeave={[Function]}
          onMouseOver={[Function]}
          onTouchEnd={[Function]}
          onTouchStart={[Function]}
          title="View the original household return form"
        >
          <button
            className="MuiButtonBase-root MuiButton-root makeStyles-root-8 MuiButton-contained MuiButton-containedPrimary MuiButton-containedSizeLarge MuiButton-sizeLarge"
            disabled={false}
            onBlur={[Function]}
            onClick={[Function]}
            onDragLeave={[Function]}
            onFocus={[Function]}
            onKeyDown={[Function]}
            onKeyUp={[Function]}
            onMouseDown={[Function]}
            onMouseLeave={[Function]}
            onMouseUp={[Function]}
            onTouchEnd={[Function]}
            onTouchMove={[Function]}
            onTouchStart={[Function]}
            tabIndex={0}
            type="button"
          >
            <span
              className="MuiButton-label makeStyles-label-9"
            >
              Household
            </span>
            <span
              className="MuiTouchRipple-root"
            />
          </button>
        </td>
        <td
          aria-sort={null}
          className="MuiTableCell-root MuiTableCell-body MuiTableCell-sizeSmall"
        >
          <button
            aria-label="expand row"
            className="MuiButtonBase-root MuiIconButton-root MuiIconButton-sizeSmall"
            data-testid="ignore"
            disabled={false}
            onBlur={[Function]}
            onClick={[Function]}
            onDragLeave={[Function]}
            onFocus={[Function]}
            onKeyDown={[Function]}
            onKeyUp={[Function]}
            onMouseDown={[Function]}
            onMouseLeave={[Function]}
            onMouseUp={[Function]}
            onTouchEnd={[Function]}
            onTouchMove={[Function]}
            onTouchStart={[Function]}
            tabIndex={0}
            type="button"
          >
            <span
              className="MuiIconButton-label"
            >
              <svg
                aria-hidden={true}
                className="MuiSvgIcon-root"
                focusable="false"
                viewBox="0 0 24 24"
              >
                <path
                  d="M7.41 8.59L12 13.17l4.59-4.58L18 10l-6 6-6-6 1.41-1.41z"
                />
              </svg>
            </span>
            <span
              className="MuiTouchRipple-root"
            />
          </button>
        </td>
      </tr>
      <tr
        className="MuiTableRow-root"
        role={null}
      >
        <td
          aria-sort={null}
          className="MuiTableCell-root MuiTableCell-body MuiTableCell-sizeSmall"
          colSpan={9}
          style={
            Object {
              "paddingBottom": 0,
              "paddingTop": 0,
            }
          }
        />
      </tr>
    </tbody>
  </table>
</div>
`;
