// Jest Snapshot v1, https://goo.gl/fbAQLP

exports[`matches snapshot 1`] = `
<div
  className="MuiGrid-root MuiGrid-container MuiGrid-spacing-xs-4"
>
  <div
    className="MuiGrid-root MuiGrid-item MuiGrid-grid-xs-12 MuiGrid-grid-md-12 MuiGrid-grid-lg-12"
  >
    <div
      className="MuiPaper-root makeStyles-paper-10 makeStyles-fixedHeight-11 MuiPaper-elevation1 MuiPaper-rounded"
    >
      <h2
        className="MuiTypography-root MuiTypography-h6 MuiTypography-colorPrimary MuiTypography-gutterBottom"
      >
        1911
      </h2>
      <div
        className="MuiBox-root MuiBox-root-12"
        data-testid="search rendered"
      >
        <div
          className="MuiCircularProgress-root MuiCircularProgress-colorPrimary MuiCircularProgress-indeterminate"
          role="progressbar"
          style={
            Object {
              "height": 40,
              "width": 40,
            }
          }
        >
          <svg
            className="MuiCircularProgress-svg"
            viewBox="22 22 44 44"
          >
            <circle
              className="MuiCircularProgress-circle MuiCircularProgress-circleIndeterminate"
              cx={44}
              cy={44}
              fill="none"
              r={20.2}
              strokeWidth={3.6}
              style={Object {}}
            />
          </svg>
        </div>
      </div>
    </div>
  </div>
</div>
`;
