// Jest Snapshot v1, https://goo.gl/fbAQLP

exports[`matches snapshot 1`] = `
<div
  className="MuiFormControl-root MuiTextField-root"
>
  <label
    className="MuiFormLabel-root MuiInputLabel-root MuiInputLabel-formControl MuiInputLabel-animated MuiInputLabel-outlined"
    data-shrink={false}
  >
    Test Label
  </label>
  <div
    className="MuiInputBase-root MuiOutlinedInput-root MuiInputBase-formControl"
    onClick={[Function]}
  >
    <input
      aria-invalid={false}
      autoFocus={false}
      className="MuiInputBase-input MuiOutlinedInput-input"
      disabled={false}
      onAnimationStart={[Function]}
      onBlur={[Function]}
      onChange={[Function]}
      onFocus={[Function]}
      required={false}
      type="text"
    />
    <fieldset
      aria-hidden={true}
      className="PrivateNotchedOutline-root-9 MuiOutlinedInput-notchedOutline"
    >
      <legend
        className="PrivateNotchedOutline-legendLabelled-11"
      >
        <span>
          Test Label
        </span>
      </legend>
    </fieldset>
  </div>
</div>
`;
