// Jest Snapshot v1, https://goo.gl/fbAQLP

exports[`matches snapshot 1`] = `
<button
  className="MuiButtonBase-root MuiButton-root makeStyles-root-5 MuiButton-contained MuiButton-containedPrimary MuiButton-containedSizeLarge MuiButton-sizeLarge"
  disabled={false}
  onBlur={[Function]}
  onDragLeave={[Function]}
  onFocus={[Function]}
  onKeyDown={[Function]}
  onKeyUp={[Function]}
  onMouseDown={[Function]}
  onMouseLeave={[Function]}
  onMouseUp={[Function]}
  onTouchEnd={[Function]}
  onTouchMove={[Function]}
  onTouchStart={[Function]}
  tabIndex={0}
  type="button"
>
  <span
    className="MuiButton-label makeStyles-label-6"
  >
    Test Button
  </span>
</button>
`;
